// Jest Snapshot v1, https://goo.gl/fbAQLP

exports[`Footer component Initial Render Renders correctly 1`] = `null`;
